<?xml version="1.0"?>
<link_info>
   <banner>TI ARM Linker PC v16.9.6.LTS</banner>
   <copyright>Copyright (c) 1996-2017 Texas Instruments Incorporated</copyright>
   <link_time>0x5a6af7a3</link_time>
   <link_errors>0x0</link_errors>
   <output_file>Blinky.out</output_file>
   <entry_point>
      <name>_c_int00</name>
      <address>0xd238</address>
   </entry_point>
   <input_file_list>
      <input_file id="fl-2">
         <path>.\source\</path>
         <kind>object</kind>
         <file>HL_epc.obj</file>
         <name>HL_epc.obj</name>
      </input_file>
      <input_file id="fl-3">
         <path>.\source\</path>
         <kind>object</kind>
         <file>HL_errata.obj</file>
         <name>HL_errata.obj</name>
      </input_file>
      <input_file id="fl-4">
         <path>.\source\</path>
         <kind>object</kind>
         <file>HL_esm.obj</file>
         <name>HL_esm.obj</name>
      </input_file>
      <input_file id="fl-5">
         <path>.\source\</path>
         <kind>object</kind>
         <file>HL_gio.obj</file>
         <name>HL_gio.obj</name>
      </input_file>
      <input_file id="fl-6">
         <path>.\source\</path>
         <kind>object</kind>
         <file>HL_nmpu.obj</file>
         <name>HL_nmpu.obj</name>
      </input_file>
      <input_file id="fl-7">
         <path>.\source\</path>
         <kind>object</kind>
         <file>HL_notification.obj</file>
         <name>HL_notification.obj</name>
      </input_file>
      <input_file id="fl-8">
         <path>.\source\</path>
         <kind>object</kind>
         <file>HL_pinmux.obj</file>
         <name>HL_pinmux.obj</name>
      </input_file>
      <input_file id="fl-9">
         <path>.\source\</path>
         <kind>object</kind>
         <file>HL_sci.obj</file>
         <name>HL_sci.obj</name>
      </input_file>
      <input_file id="fl-a">
         <path>.\source\</path>
         <kind>object</kind>
         <file>HL_sys_core.obj</file>
         <name>HL_sys_core.obj</name>
      </input_file>
      <input_file id="fl-b">
         <path>.\source\</path>
         <kind>object</kind>
         <file>HL_sys_dma.obj</file>
         <name>HL_sys_dma.obj</name>
      </input_file>
      <input_file id="fl-c">
         <path>.\source\</path>
         <kind>object</kind>
         <file>HL_sys_intvecs.obj</file>
         <name>HL_sys_intvecs.obj</name>
      </input_file>
      <input_file id="fl-d">
         <path>.\source\</path>
         <kind>object</kind>
         <file>HL_sys_main.obj</file>
         <name>HL_sys_main.obj</name>
      </input_file>
      <input_file id="fl-e">
         <path>.\source\</path>
         <kind>object</kind>
         <file>HL_sys_mpu.obj</file>
         <name>HL_sys_mpu.obj</name>
      </input_file>
      <input_file id="fl-f">
         <path>.\source\</path>
         <kind>object</kind>
         <file>HL_sys_pcr.obj</file>
         <name>HL_sys_pcr.obj</name>
      </input_file>
      <input_file id="fl-10">
         <path>.\source\</path>
         <kind>object</kind>
         <file>HL_sys_phantom.obj</file>
         <name>HL_sys_phantom.obj</name>
      </input_file>
      <input_file id="fl-11">
         <path>.\source\</path>
         <kind>object</kind>
         <file>HL_sys_pmm.obj</file>
         <name>HL_sys_pmm.obj</name>
      </input_file>
      <input_file id="fl-12">
         <path>.\source\</path>
         <kind>object</kind>
         <file>HL_sys_pmu.obj</file>
         <name>HL_sys_pmu.obj</name>
      </input_file>
      <input_file id="fl-13">
         <path>.\source\</path>
         <kind>object</kind>
         <file>HL_sys_startup.obj</file>
         <name>HL_sys_startup.obj</name>
      </input_file>
      <input_file id="fl-14">
         <path>.\source\</path>
         <kind>object</kind>
         <file>HL_sys_vim.obj</file>
         <name>HL_sys_vim.obj</name>
      </input_file>
      <input_file id="fl-15">
         <path>.\source\</path>
         <kind>object</kind>
         <file>HL_system.obj</file>
         <name>HL_system.obj</name>
      </input_file>
      <input_file id="fl-16">
         <path>.\source\</path>
         <kind>object</kind>
         <file>os_croutine.obj</file>
         <name>os_croutine.obj</name>
      </input_file>
      <input_file id="fl-17">
         <path>.\source\</path>
         <kind>object</kind>
         <file>os_event_groups.obj</file>
         <name>os_event_groups.obj</name>
      </input_file>
      <input_file id="fl-18">
         <path>.\source\</path>
         <kind>object</kind>
         <file>os_heap.obj</file>
         <name>os_heap.obj</name>
      </input_file>
      <input_file id="fl-19">
         <path>.\source\</path>
         <kind>object</kind>
         <file>os_list.obj</file>
         <name>os_list.obj</name>
      </input_file>
      <input_file id="fl-1a">
         <path>.\source\</path>
         <kind>object</kind>
         <file>os_mpu_wrappers.obj</file>
         <name>os_mpu_wrappers.obj</name>
      </input_file>
      <input_file id="fl-1b">
         <path>.\source\</path>
         <kind>object</kind>
         <file>os_port.obj</file>
         <name>os_port.obj</name>
      </input_file>
      <input_file id="fl-1c">
         <path>.\source\</path>
         <kind>object</kind>
         <file>os_portasm.obj</file>
         <name>os_portasm.obj</name>
      </input_file>
      <input_file id="fl-1d">
         <path>.\source\</path>
         <kind>object</kind>
         <file>os_queue.obj</file>
         <name>os_queue.obj</name>
      </input_file>
      <input_file id="fl-1e">
         <path>.\source\</path>
         <kind>object</kind>
         <file>os_tasks.obj</file>
         <name>os_tasks.obj</name>
      </input_file>
      <input_file id="fl-1f">
         <path>.\source\</path>
         <kind>object</kind>
         <file>os_timer.obj</file>
         <name>os_timer.obj</name>
      </input_file>
      <input_file id="fl-23">
         <kind>object</kind>
         <file>&lt;internal&gt;</file>
         <name>&lt;internal&gt;</name>
      </input_file>
      <input_file id="fl-d9">
         <path>D:\CCS\ccsv7\tools\compiler\ti-cgt-arm_16.9.6.LTS\lib\</path>
         <kind>archive</kind>
         <file>rtsv7R4_A_le_v3D16_eabi.lib</file>
         <name>autoinit.obj</name>
      </input_file>
      <input_file id="fl-da">
         <path>D:\CCS\ccsv7\tools\compiler\ti-cgt-arm_16.9.6.LTS\lib\</path>
         <kind>archive</kind>
         <file>rtsv7R4_A_le_v3D16_eabi.lib</file>
         <name>copy_decompress_lzss.obj</name>
      </input_file>
      <input_file id="fl-db">
         <path>D:\CCS\ccsv7\tools\compiler\ti-cgt-arm_16.9.6.LTS\lib\</path>
         <kind>archive</kind>
         <file>rtsv7R4_A_le_v3D16_eabi.lib</file>
         <name>copy_decompress_none.obj</name>
      </input_file>
      <input_file id="fl-dc">
         <path>D:\CCS\ccsv7\tools\compiler\ti-cgt-arm_16.9.6.LTS\lib\</path>
         <kind>archive</kind>
         <file>rtsv7R4_A_le_v3D16_eabi.lib</file>
         <name>copy_zero_init.obj</name>
      </input_file>
      <input_file id="fl-dd">
         <path>D:\CCS\ccsv7\tools\compiler\ti-cgt-arm_16.9.6.LTS\lib\</path>
         <kind>archive</kind>
         <file>rtsv7R4_A_le_v3D16_eabi.lib</file>
         <name>cpy_tbl.obj</name>
      </input_file>
      <input_file id="fl-de">
         <path>D:\CCS\ccsv7\tools\compiler\ti-cgt-arm_16.9.6.LTS\lib\</path>
         <kind>archive</kind>
         <file>rtsv7R4_A_le_v3D16_eabi.lib</file>
         <name>exit.obj</name>
      </input_file>
      <input_file id="fl-df">
         <path>D:\CCS\ccsv7\tools\compiler\ti-cgt-arm_16.9.6.LTS\lib\</path>
         <kind>archive</kind>
         <file>rtsv7R4_A_le_v3D16_eabi.lib</file>
         <name>memcpy32.obj</name>
      </input_file>
      <input_file id="fl-e0">
         <path>D:\CCS\ccsv7\tools\compiler\ti-cgt-arm_16.9.6.LTS\lib\</path>
         <kind>archive</kind>
         <file>rtsv7R4_A_le_v3D16_eabi.lib</file>
         <name>memset32.obj</name>
      </input_file>
      <input_file id="fl-e1">
         <path>D:\CCS\ccsv7\tools\compiler\ti-cgt-arm_16.9.6.LTS\lib\</path>
         <kind>archive</kind>
         <file>rtsv7R4_A_le_v3D16_eabi.lib</file>
         <name>s_floor.obj</name>
      </input_file>
      <input_file id="fl-e2">
         <path>D:\CCS\ccsv7\tools\compiler\ti-cgt-arm_16.9.6.LTS\lib\</path>
         <kind>archive</kind>
         <file>rtsv7R4_A_le_v3D16_eabi.lib</file>
         <name>startup.obj</name>
      </input_file>
      <input_file id="fl-e3">
         <path>D:\CCS\ccsv7\tools\compiler\ti-cgt-arm_16.9.6.LTS\lib\</path>
         <kind>archive</kind>
         <file>rtsv7R4_A_le_v3D16_eabi.lib</file>
         <name>strlen.obj</name>
      </input_file>
      <input_file id="fl-e4">
         <path>D:\CCS\ccsv7\tools\compiler\ti-cgt-arm_16.9.6.LTS\lib\</path>
         <kind>archive</kind>
         <file>rtsv7R4_A_le_v3D16_eabi.lib</file>
         <name>_lock.obj</name>
      </input_file>
   </input_file_list>
   <object_component_list>
      <object_component id="oc-2f">
         <name>.intvecs</name>
         <load_address>0x0</load_address>
         <run_address>0x0</run_address>
         <size>0x20</size>
         <input_file_ref idref="fl-c"/>
      </object_component>
      <object_component id="oc-107">
         <name>.kernelTEXT</name>
         <load_address>0x20</load_address>
         <run_address>0x20</run_address>
         <size>0x2be8</size>
         <input_file_ref idref="fl-1e"/>
      </object_component>
      <object_component id="oc-196">
         <name>.kernelTEXT</name>
         <load_address>0x2c08</load_address>
         <run_address>0x2c08</run_address>
         <size>0x11dc</size>
         <input_file_ref idref="fl-1d"/>
      </object_component>
      <object_component id="oc-19c">
         <name>.kernelTEXT</name>
         <load_address>0x3de4</load_address>
         <run_address>0x3de4</run_address>
         <size>0x81c</size>
         <input_file_ref idref="fl-17"/>
      </object_component>
      <object_component id="oc-9e">
         <name>.kernelTEXT</name>
         <load_address>0x4600</load_address>
         <run_address>0x4600</run_address>
         <size>0x4bc</size>
         <input_file_ref idref="fl-1c"/>
      </object_component>
      <object_component id="oc-1d4">
         <name>.kernelTEXT</name>
         <load_address>0x4abc</load_address>
         <run_address>0x4abc</run_address>
         <size>0x3dc</size>
         <input_file_ref idref="fl-1b"/>
      </object_component>
      <object_component id="oc-1c8">
         <name>.kernelTEXT</name>
         <load_address>0x4e98</load_address>
         <run_address>0x4e98</run_address>
         <size>0x3a4</size>
         <input_file_ref idref="fl-18"/>
      </object_component>
      <object_component id="oc-2c3">
         <name>.cinit..data.load</name>
         <load_address>0x5240</load_address>
         <run_address>0x5240</run_address>
         <size>0x30</size>
      </object_component>
      <object_component id="oc-2be">
         <name>__TI_handler_table</name>
         <load_address>0x5270</load_address>
         <run_address>0x5270</run_address>
         <size>0xc</size>
      </object_component>
      <object_component id="oc-2c0">
         <name>.cinit..kernelBSS.load</name>
         <load_address>0x527c</load_address>
         <run_address>0x527c</run_address>
         <size>0x9</size>
      </object_component>
      <object_component id="oc-2c2">
         <name>.cinit..bss.load</name>
         <load_address>0x5288</load_address>
         <run_address>0x5288</run_address>
         <size>0x8</size>
      </object_component>
      <object_component id="oc-2c1">
         <name>.cinit..kernelHEAP.load</name>
         <load_address>0x5290</load_address>
         <run_address>0x5290</run_address>
         <size>0x8</size>
      </object_component>
      <object_component id="oc-2bf">
         <name>__TI_cinit_table</name>
         <load_address>0x5298</load_address>
         <run_address>0x5298</run_address>
         <size>0x20</size>
      </object_component>
      <object_component id="oc-d2">
         <name>.text</name>
         <load_address>0x8020</load_address>
         <run_address>0x8020</run_address>
         <size>0x9c0</size>
         <input_file_ref idref="fl-8"/>
      </object_component>
      <object_component id="oc-fb">
         <name>.text</name>
         <load_address>0x89e0</load_address>
         <run_address>0x89e0</run_address>
         <size>0x9a0</size>
         <input_file_ref idref="fl-1a"/>
      </object_component>
      <object_component id="oc-74">
         <name>.text</name>
         <load_address>0x9380</load_address>
         <run_address>0x9380</run_address>
         <size>0x95c</size>
         <input_file_ref idref="fl-15"/>
      </object_component>
      <object_component id="oc-3f">
         <name>.text</name>
         <load_address>0x9cdc</load_address>
         <run_address>0x9cdc</run_address>
         <size>0x93c</size>
         <input_file_ref idref="fl-14"/>
      </object_component>
      <object_component id="oc-101">
         <name>.text</name>
         <load_address>0xa618</load_address>
         <run_address>0xa618</run_address>
         <size>0x870</size>
         <input_file_ref idref="fl-9"/>
      </object_component>
      <object_component id="oc-7a">
         <name>.text</name>
         <load_address>0xae88</load_address>
         <run_address>0xae88</run_address>
         <size>0x7a8</size>
         <input_file_ref idref="fl-4"/>
      </object_component>
      <object_component id="oc-f5">
         <name>.text</name>
         <load_address>0xb630</load_address>
         <run_address>0xb630</run_address>
         <size>0x484</size>
         <input_file_ref idref="fl-5"/>
      </object_component>
      <object_component id="oc-69">
         <name>.text</name>
         <load_address>0xbab4</load_address>
         <run_address>0xbab4</run_address>
         <size>0x3c4</size>
         <input_file_ref idref="fl-a"/>
      </object_component>
      <object_component id="oc-80">
         <name>.text</name>
         <load_address>0xbe78</load_address>
         <run_address>0xbe78</run_address>
         <size>0x36c</size>
         <input_file_ref idref="fl-e"/>
      </object_component>
      <object_component id="oc-3a">
         <name>.text:retain</name>
         <load_address>0xc1e4</load_address>
         <run_address>0xc1e4</run_address>
         <size>0x33c</size>
         <input_file_ref idref="fl-14"/>
      </object_component>
      <object_component id="oc-249">
         <name>.text</name>
         <load_address>0xc520</load_address>
         <run_address>0xc520</run_address>
         <size>0x284</size>
         <input_file_ref idref="fl-18"/>
      </object_component>
      <object_component id="oc-1ce">
         <name>.text</name>
         <load_address>0xc7a4</load_address>
         <run_address>0xc7a4</run_address>
         <size>0x238</size>
         <input_file_ref idref="fl-19"/>
      </object_component>
      <object_component id="oc-8b">
         <name>.text</name>
         <load_address>0xc9dc</load_address>
         <run_address>0xc9dc</run_address>
         <size>0x190</size>
         <input_file_ref idref="fl-d"/>
      </object_component>
      <object_component id="oc-51">
         <name>.text</name>
         <load_address>0xcb6c</load_address>
         <run_address>0xcb6c</run_address>
         <size>0x180</size>
         <input_file_ref idref="fl-df"/>
      </object_component>
      <object_component id="oc-26">
         <name>.text:retain</name>
         <load_address>0xccec</load_address>
         <run_address>0xccec</run_address>
         <size>0x178</size>
         <input_file_ref idref="fl-4"/>
      </object_component>
      <object_component id="oc-190">
         <name>.text</name>
         <load_address>0xce64</load_address>
         <run_address>0xce64</run_address>
         <size>0x164</size>
         <input_file_ref idref="fl-1e"/>
      </object_component>
      <object_component id="oc-25c">
         <name>.text</name>
         <load_address>0xcfc8</load_address>
         <run_address>0xcfc8</run_address>
         <size>0x13c</size>
         <input_file_ref idref="fl-1b"/>
      </object_component>
      <object_component id="oc-1bd">
         <name>.text</name>
         <load_address>0xd104</load_address>
         <run_address>0xd104</run_address>
         <size>0x134</size>
         <input_file_ref idref="fl-e1"/>
      </object_component>
      <object_component id="oc-20">
         <name>.text:retain</name>
         <load_address>0xd238</load_address>
         <run_address>0xd238</run_address>
         <size>0xb4</size>
         <input_file_ref idref="fl-13"/>
      </object_component>
      <object_component id="oc-5d">
         <name>.text</name>
         <load_address>0xd2ec</load_address>
         <run_address>0xd2ec</run_address>
         <size>0xb0</size>
         <input_file_ref idref="fl-e0"/>
      </object_component>
      <object_component id="oc-85">
         <name>.text</name>
         <load_address>0xd39c</load_address>
         <run_address>0xd39c</run_address>
         <size>0xa8</size>
         <input_file_ref idref="fl-d9"/>
      </object_component>
      <object_component id="oc-e">
         <name>.text:decompress:lzss</name>
         <load_address>0xd444</load_address>
         <run_address>0xd444</run_address>
         <size>0x90</size>
         <input_file_ref idref="fl-da"/>
      </object_component>
      <object_component id="oc-91">
         <name>.text</name>
         <load_address>0xd4d4</load_address>
         <run_address>0xd4d4</run_address>
         <size>0x90</size>
         <input_file_ref idref="fl-de"/>
      </object_component>
      <object_component id="oc-6e">
         <name>.text</name>
         <load_address>0xd564</load_address>
         <run_address>0xd564</run_address>
         <size>0x88</size>
         <input_file_ref idref="fl-7"/>
      </object_component>
      <object_component id="oc-e7">
         <name>.text</name>
         <load_address>0xd5ec</load_address>
         <run_address>0xd5ec</run_address>
         <size>0x84</size>
         <input_file_ref idref="fl-dd"/>
      </object_component>
      <object_component id="oc-1fc">
         <name>.text</name>
         <load_address>0xd670</load_address>
         <run_address>0xd670</run_address>
         <size>0x24</size>
         <input_file_ref idref="fl-e4"/>
      </object_component>
      <object_component id="oc-1dd">
         <name>.text</name>
         <load_address>0xd694</load_address>
         <run_address>0xd694</run_address>
         <size>0x20</size>
         <input_file_ref idref="fl-e3"/>
      </object_component>
      <object_component id="oc-14">
         <name>.text:decompress:none</name>
         <load_address>0xd6b4</load_address>
         <run_address>0xd6b4</run_address>
         <size>0x14</size>
         <input_file_ref idref="fl-db"/>
      </object_component>
      <object_component id="oc-1a">
         <name>.text:decompress:ZI</name>
         <load_address>0xd6c8</load_address>
         <run_address>0xd6c8</run_address>
         <size>0x10</size>
         <input_file_ref idref="fl-dc"/>
      </object_component>
      <object_component id="oc-34">
         <name>.text:retain</name>
         <load_address>0xd6d8</load_address>
         <run_address>0xd6d8</run_address>
         <size>0x4</size>
         <input_file_ref idref="fl-10"/>
      </object_component>
      <object_component id="oc-ed">
         <name>.text</name>
         <load_address>0xd6dc</load_address>
         <run_address>0xd6dc</run_address>
         <size>0x4</size>
         <input_file_ref idref="fl-e2"/>
      </object_component>
      <object_component id="oc-2c">
         <name>.const:s_vim_init</name>
         <load_address>0xd6e0</load_address>
         <run_address>0xd6e0</run_address>
         <size>0x200</size>
         <input_file_ref idref="fl-14"/>
      </object_component>
      <object_component id="oc-252">
         <name>.const</name>
         <load_address>0xd8e0</load_address>
         <run_address>0xd8e0</run_address>
         <size>0x4</size>
         <input_file_ref idref="fl-18"/>
      </object_component>
      <object_component id="oc-12b">
         <name>.kernelBSS:init</name>
         <load_address>0x80008d0</load_address>
         <run_address>0x80008d0</run_address>
         <size>0x34</size>
         <input_file_ref idref="fl-1e"/>
      </object_component>
      <object_component id="oc-1da">
         <name>.kernelBSS:uninit</name>
         <load_address>0x8000800</load_address>
         <run_address>0x8000800</run_address>
         <size>0xd0</size>
         <input_file_ref idref="fl-1e"/>
      </object_component>
      <object_component id="oc-286">
         <name>.kernelHEAP</name>
         <uninitialized>true</uninitialized>
         <run_address>0x8001000</run_address>
         <size>0x2000</size>
         <input_file_ref idref="fl-18"/>
      </object_component>
      <object_component id="oc-1c3">
         <name>.bss:g_sciTransfer_t</name>
         <uninitialized>true</uninitialized>
         <run_address>0x8003000</run_address>
         <size>0x50</size>
         <input_file_ref idref="fl-9"/>
      </object_component>
      <object_component id="oc-255">
         <name>.bss:xStart</name>
         <uninitialized>true</uninitialized>
         <run_address>0x8003050</run_address>
         <size>0x8</size>
         <input_file_ref idref="fl-18"/>
      </object_component>
      <object_component id="oc-110">
         <name>.common:xTask1Handle1</name>
         <uninitialized>true</uninitialized>
         <run_address>0x8003058</run_address>
         <size>0x4</size>
      </object_component>
      <object_component id="oc-116">
         <name>.common:xTask1Handle2</name>
         <uninitialized>true</uninitialized>
         <run_address>0x800305c</run_address>
         <size>0x4</size>
      </object_component>
      <object_component id="oc-10d">
         <name>.data:TEXT1</name>
         <load_address>0x8003060</load_address>
         <run_address>0x8003060</run_address>
         <size>0x15</size>
         <input_file_ref idref="fl-d"/>
      </object_component>
      <object_component id="oc-113">
         <name>.data:TEXT2</name>
         <load_address>0x8003075</load_address>
         <run_address>0x8003075</run_address>
         <size>0x15</size>
         <input_file_ref idref="fl-d"/>
      </object_component>
      <object_component id="oc-24f">
         <name>.data</name>
         <load_address>0x800308c</load_address>
         <run_address>0x800308c</run_address>
         <size>0x10</size>
         <input_file_ref idref="fl-18"/>
      </object_component>
      <object_component id="oc-12e">
         <name>.data</name>
         <load_address>0x80030b0</load_address>
         <run_address>0x80030b0</run_address>
         <size>0x8</size>
         <input_file_ref idref="fl-1b"/>
      </object_component>
      <object_component id="oc-11d">
         <name>.data:$O1$$</name>
         <load_address>0x800309c</load_address>
         <run_address>0x800309c</run_address>
         <size>0xc</size>
         <input_file_ref idref="fl-de"/>
      </object_component>
      <object_component id="oc-120">
         <name>.data:$O1$$</name>
         <load_address>0x80030a8</load_address>
         <run_address>0x80030a8</run_address>
         <size>0x8</size>
         <input_file_ref idref="fl-e4"/>
      </object_component>
      <object_component id="oc-15c">
         <name>.debug_info</name>
         <load_address>0x0</load_address>
         <run_address>0x0</run_address>
         <size>0x358</size>
         <input_file_ref idref="fl-2"/>
      </object_component>
      <object_component id="oc-d9">
         <name>.debug_info</name>
         <load_address>0x358</load_address>
         <run_address>0x358</run_address>
         <size>0x429</size>
         <input_file_ref idref="fl-2"/>
      </object_component>
      <object_component id="oc-99">
         <name>.debug_info</name>
         <load_address>0x781</load_address>
         <run_address>0x781</run_address>
         <size>0x157</size>
         <input_file_ref idref="fl-2"/>
      </object_component>
      <object_component id="oc-118">
         <name>.debug_info</name>
         <load_address>0x8d8</load_address>
         <run_address>0x8d8</run_address>
         <size>0x8b</size>
         <input_file_ref idref="fl-2"/>
      </object_component>
      <object_component id="oc-aa">
         <name>.debug_info</name>
         <load_address>0x963</load_address>
         <run_address>0x963</run_address>
         <size>0x18c</size>
         <input_file_ref idref="fl-2"/>
      </object_component>
      <object_component id="oc-126">
         <name>.debug_info</name>
         <load_address>0xaef</load_address>
         <run_address>0xaef</run_address>
         <size>0x18b</size>
         <input_file_ref idref="fl-2"/>
      </object_component>
      <object_component id="oc-af">
         <name>.debug_info</name>
         <load_address>0xc7a</load_address>
         <run_address>0xc7a</run_address>
         <size>0x86</size>
         <input_file_ref idref="fl-2"/>
      </object_component>
      <object_component id="oc-134">
         <name>.debug_info</name>
         <load_address>0xd00</load_address>
         <run_address>0xd00</run_address>
         <size>0x102</size>
         <input_file_ref idref="fl-2"/>
      </object_component>
      <object_component id="oc-166">
         <name>.debug_info</name>
         <load_address>0xe02</load_address>
         <run_address>0xe02</run_address>
         <size>0x142</size>
         <input_file_ref idref="fl-2"/>
      </object_component>
      <object_component id="oc-139">
         <name>.debug_info</name>
         <load_address>0xf44</load_address>
         <run_address>0xf44</run_address>
         <size>0x285</size>
         <input_file_ref idref="fl-2"/>
      </object_component>
      <object_component id="oc-13e">
         <name>.debug_info</name>
         <load_address>0x11c9</load_address>
         <run_address>0x11c9</run_address>
         <size>0x44a</size>
         <input_file_ref idref="fl-2"/>
      </object_component>
      <object_component id="oc-143">
         <name>.debug_info</name>
         <load_address>0x1613</load_address>
         <run_address>0x1613</run_address>
         <size>0x1f9</size>
         <input_file_ref idref="fl-2"/>
      </object_component>
      <object_component id="oc-148">
         <name>.debug_info</name>
         <load_address>0x180c</load_address>
         <run_address>0x180c</run_address>
         <size>0x152</size>
         <input_file_ref idref="fl-2"/>
      </object_component>
      <object_component id="oc-14d">
         <name>.debug_info</name>
         <load_address>0x195e</load_address>
         <run_address>0x195e</run_address>
         <size>0x70a</size>
         <input_file_ref idref="fl-2"/>
      </object_component>
      <object_component id="oc-152">
         <name>.debug_info</name>
         <load_address>0x2068</load_address>
         <run_address>0x2068</run_address>
         <size>0x36d</size>
         <input_file_ref idref="fl-2"/>
      </object_component>
      <object_component id="oc-e5">
         <name>.debug_info</name>
         <load_address>0x23d5</load_address>
         <run_address>0x23d5</run_address>
         <size>0x324</size>
         <input_file_ref idref="fl-4"/>
      </object_component>
      <object_component id="oc-7b">
         <name>.debug_info</name>
         <load_address>0x26f9</load_address>
         <run_address>0x26f9</run_address>
         <size>0x10ab</size>
         <input_file_ref idref="fl-4"/>
      </object_component>
      <object_component id="oc-28">
         <name>.debug_info</name>
         <load_address>0x37a4</load_address>
         <run_address>0x37a4</run_address>
         <size>0x193</size>
         <input_file_ref idref="fl-4"/>
      </object_component>
      <object_component id="oc-e0">
         <name>.debug_info</name>
         <load_address>0x3937</load_address>
         <run_address>0x3937</run_address>
         <size>0x168</size>
         <input_file_ref idref="fl-4"/>
      </object_component>
      <object_component id="oc-18f">
         <name>.debug_info</name>
         <load_address>0x3a9f</load_address>
         <run_address>0x3a9f</run_address>
         <size>0x289</size>
         <input_file_ref idref="fl-5"/>
      </object_component>
      <object_component id="oc-f6">
         <name>.debug_info</name>
         <load_address>0x3d28</load_address>
         <run_address>0x3d28</run_address>
         <size>0x705</size>
         <input_file_ref idref="fl-5"/>
      </object_component>
      <object_component id="oc-21e">
         <name>.debug_info</name>
         <load_address>0x442d</load_address>
         <run_address>0x442d</run_address>
         <size>0x12a</size>
         <input_file_ref idref="fl-5"/>
      </object_component>
      <object_component id="oc-cc">
         <name>.debug_info</name>
         <load_address>0x4557</load_address>
         <run_address>0x4557</run_address>
         <size>0x35d</size>
         <input_file_ref idref="fl-7"/>
      </object_component>
      <object_component id="oc-6f">
         <name>.debug_info</name>
         <load_address>0x48b4</load_address>
         <run_address>0x48b4</run_address>
         <size>0x6ba</size>
         <input_file_ref idref="fl-7"/>
      </object_component>
      <object_component id="oc-161">
         <name>.debug_info</name>
         <load_address>0x4f6e</load_address>
         <run_address>0x4f6e</run_address>
         <size>0xadd</size>
         <input_file_ref idref="fl-7"/>
      </object_component>
      <object_component id="oc-cd">
         <name>.debug_info</name>
         <load_address>0x5a4b</load_address>
         <run_address>0x5a4b</run_address>
         <size>0x6eb</size>
         <input_file_ref idref="fl-7"/>
      </object_component>
      <object_component id="oc-16b">
         <name>.debug_info</name>
         <load_address>0x6136</load_address>
         <run_address>0x6136</run_address>
         <size>0x243</size>
         <input_file_ref idref="fl-7"/>
      </object_component>
      <object_component id="oc-244">
         <name>.debug_info</name>
         <load_address>0x6379</load_address>
         <run_address>0x6379</run_address>
         <size>0x18e</size>
         <input_file_ref idref="fl-7"/>
      </object_component>
      <object_component id="oc-20f">
         <name>.debug_info</name>
         <load_address>0x6507</load_address>
         <run_address>0x6507</run_address>
         <size>0x28b</size>
         <input_file_ref idref="fl-8"/>
      </object_component>
      <object_component id="oc-d6">
         <name>.debug_info</name>
         <load_address>0x6792</load_address>
         <run_address>0x6792</run_address>
         <size>0x107</size>
         <input_file_ref idref="fl-8"/>
      </object_component>
      <object_component id="oc-178">
         <name>.debug_info</name>
         <load_address>0x6899</load_address>
         <run_address>0x6899</run_address>
         <size>0x199</size>
         <input_file_ref idref="fl-8"/>
      </object_component>
      <object_component id="oc-1c7">
         <name>.debug_info</name>
         <load_address>0x6a32</load_address>
         <run_address>0x6a32</run_address>
         <size>0x325</size>
         <input_file_ref idref="fl-9"/>
      </object_component>
      <object_component id="oc-1c4">
         <name>.debug_info</name>
         <load_address>0x6d57</load_address>
         <run_address>0x6d57</run_address>
         <size>0xd0</size>
         <input_file_ref idref="fl-9"/>
      </object_component>
      <object_component id="oc-102">
         <name>.debug_info</name>
         <load_address>0x6e27</load_address>
         <run_address>0x6e27</run_address>
         <size>0xc88</size>
         <input_file_ref idref="fl-9"/>
      </object_component>
      <object_component id="oc-23f">
         <name>.debug_info</name>
         <load_address>0x7aaf</load_address>
         <run_address>0x7aaf</run_address>
         <size>0x91</size>
         <input_file_ref idref="fl-9"/>
      </object_component>
      <object_component id="oc-6a">
         <name>.debug_info</name>
         <load_address>0x7b40</load_address>
         <run_address>0x7b40</run_address>
         <size>0x7fd</size>
         <input_file_ref idref="fl-a"/>
      </object_component>
      <object_component id="oc-31">
         <name>.debug_info</name>
         <load_address>0x833d</load_address>
         <run_address>0x833d</run_address>
         <size>0xf3</size>
         <input_file_ref idref="fl-c"/>
      </object_component>
      <object_component id="oc-111">
         <name>.debug_info</name>
         <load_address>0x8430</load_address>
         <run_address>0x8430</run_address>
         <size>0x5c3</size>
         <input_file_ref idref="fl-d"/>
      </object_component>
      <object_component id="oc-10e">
         <name>.debug_info</name>
         <load_address>0x89f3</load_address>
         <run_address>0x89f3</run_address>
         <size>0xc2</size>
         <input_file_ref idref="fl-d"/>
      </object_component>
      <object_component id="oc-114">
         <name>.debug_info</name>
         <load_address>0x8ab5</load_address>
         <run_address>0x8ab5</run_address>
         <size>0xc2</size>
         <input_file_ref idref="fl-d"/>
      </object_component>
      <object_component id="oc-8f">
         <name>.debug_info</name>
         <load_address>0x8b77</load_address>
         <run_address>0x8b77</run_address>
         <size>0x43a</size>
         <input_file_ref idref="fl-d"/>
      </object_component>
      <object_component id="oc-1ae">
         <name>.debug_info</name>
         <load_address>0x8fb1</load_address>
         <run_address>0x8fb1</run_address>
         <size>0x30c</size>
         <input_file_ref idref="fl-d"/>
      </object_component>
      <object_component id="oc-1f3">
         <name>.debug_info</name>
         <load_address>0x92bd</load_address>
         <run_address>0x92bd</run_address>
         <size>0x379</size>
         <input_file_ref idref="fl-d"/>
      </object_component>
      <object_component id="oc-1a3">
         <name>.debug_info</name>
         <load_address>0x9636</load_address>
         <run_address>0x9636</run_address>
         <size>0xe1</size>
         <input_file_ref idref="fl-d"/>
      </object_component>
      <object_component id="oc-1a8">
         <name>.debug_info</name>
         <load_address>0x9717</load_address>
         <run_address>0x9717</run_address>
         <size>0x2c</size>
         <input_file_ref idref="fl-d"/>
      </object_component>
      <object_component id="oc-1e9">
         <name>.debug_info</name>
         <load_address>0x9743</load_address>
         <run_address>0x9743</run_address>
         <size>0x3d3</size>
         <input_file_ref idref="fl-d"/>
      </object_component>
      <object_component id="oc-1ee">
         <name>.debug_info</name>
         <load_address>0x9b16</load_address>
         <run_address>0x9b16</run_address>
         <size>0x14c</size>
         <input_file_ref idref="fl-d"/>
      </object_component>
      <object_component id="oc-83">
         <name>.debug_info</name>
         <load_address>0x9c62</load_address>
         <run_address>0x9c62</run_address>
         <size>0x42a</size>
         <input_file_ref idref="fl-e"/>
      </object_component>
      <object_component id="oc-20e">
         <name>.debug_info</name>
         <load_address>0xa08c</load_address>
         <run_address>0xa08c</run_address>
         <size>0x2cc</size>
         <input_file_ref idref="fl-f"/>
      </object_component>
      <object_component id="oc-173">
         <name>.debug_info</name>
         <load_address>0xa358</load_address>
         <run_address>0xa358</run_address>
         <size>0x457</size>
         <input_file_ref idref="fl-f"/>
      </object_component>
      <object_component id="oc-37">
         <name>.debug_info</name>
         <load_address>0xa7af</load_address>
         <run_address>0xa7af</run_address>
         <size>0x128</size>
         <input_file_ref idref="fl-10"/>
      </object_component>
      <object_component id="oc-21">
         <name>.debug_info</name>
         <load_address>0xa8d7</load_address>
         <run_address>0xa8d7</run_address>
         <size>0x267</size>
         <input_file_ref idref="fl-13"/>
      </object_component>
      <object_component id="oc-a5">
         <name>.debug_info</name>
         <load_address>0xab3e</load_address>
         <run_address>0xab3e</run_address>
         <size>0x483</size>
         <input_file_ref idref="fl-14"/>
      </object_component>
      <object_component id="oc-2d">
         <name>.debug_info</name>
         <load_address>0xafc1</load_address>
         <run_address>0xafc1</run_address>
         <size>0xca</size>
         <input_file_ref idref="fl-14"/>
      </object_component>
      <object_component id="oc-41">
         <name>.debug_info</name>
         <load_address>0xb08b</load_address>
         <run_address>0xb08b</run_address>
         <size>0x47a</size>
         <input_file_ref idref="fl-14"/>
      </object_component>
      <object_component id="oc-3d">
         <name>.debug_info</name>
         <load_address>0xb505</load_address>
         <run_address>0xb505</run_address>
         <size>0x1e5</size>
         <input_file_ref idref="fl-14"/>
      </object_component>
      <object_component id="oc-157">
         <name>.debug_info</name>
         <load_address>0xb6ea</load_address>
         <run_address>0xb6ea</run_address>
         <size>0x4f</size>
         <input_file_ref idref="fl-14"/>
      </object_component>
      <object_component id="oc-de">
         <name>.debug_info</name>
         <load_address>0xb739</load_address>
         <run_address>0xb739</run_address>
         <size>0x3ba</size>
         <input_file_ref idref="fl-15"/>
      </object_component>
      <object_component id="oc-75">
         <name>.debug_info</name>
         <load_address>0xbaf3</load_address>
         <run_address>0xbaf3</run_address>
         <size>0x57a</size>
         <input_file_ref idref="fl-15"/>
      </object_component>
      <object_component id="oc-4c">
         <name>.debug_info</name>
         <load_address>0xc06d</load_address>
         <run_address>0xc06d</run_address>
         <size>0x84</size>
         <input_file_ref idref="fl-16"/>
      </object_component>
      <object_component id="oc-22c">
         <name>.debug_info</name>
         <load_address>0xc0f1</load_address>
         <run_address>0xc0f1</run_address>
         <size>0x653</size>
         <input_file_ref idref="fl-17"/>
      </object_component>
      <object_component id="oc-19e">
         <name>.debug_info</name>
         <load_address>0xc744</load_address>
         <run_address>0xc744</run_address>
         <size>0x145d</size>
         <input_file_ref idref="fl-17"/>
      </object_component>
      <object_component id="oc-226">
         <name>.debug_info</name>
         <load_address>0xdba1</load_address>
         <run_address>0xdba1</run_address>
         <size>0x110</size>
         <input_file_ref idref="fl-17"/>
      </object_component>
      <object_component id="oc-1b8">
         <name>.debug_info</name>
         <load_address>0xdcb1</load_address>
         <run_address>0xdcb1</run_address>
         <size>0x39</size>
         <input_file_ref idref="fl-17"/>
      </object_component>
      <object_component id="oc-22f">
         <name>.debug_info</name>
         <load_address>0xdcea</load_address>
         <run_address>0xdcea</run_address>
         <size>0x46</size>
         <input_file_ref idref="fl-17"/>
      </object_component>
      <object_component id="oc-27f">
         <name>.debug_info</name>
         <load_address>0xdd30</load_address>
         <run_address>0xdd30</run_address>
         <size>0x62</size>
         <input_file_ref idref="fl-17"/>
      </object_component>
      <object_component id="oc-259">
         <name>.debug_info</name>
         <load_address>0xdd92</load_address>
         <run_address>0xdd92</run_address>
         <size>0x400</size>
         <input_file_ref idref="fl-18"/>
      </object_component>
      <object_component id="oc-287">
         <name>.debug_info</name>
         <load_address>0xe192</load_address>
         <run_address>0xe192</run_address>
         <size>0xbf</size>
         <input_file_ref idref="fl-18"/>
      </object_component>
      <object_component id="oc-253">
         <name>.debug_info</name>
         <load_address>0xe251</load_address>
         <run_address>0xe251</run_address>
         <size>0xd1</size>
         <input_file_ref idref="fl-18"/>
      </object_component>
      <object_component id="oc-256">
         <name>.debug_info</name>
         <load_address>0xe322</load_address>
         <run_address>0xe322</run_address>
         <size>0xbf</size>
         <input_file_ref idref="fl-18"/>
      </object_component>
      <object_component id="oc-250">
         <name>.debug_info</name>
         <load_address>0xe3e1</load_address>
         <run_address>0xe3e1</run_address>
         <size>0x173</size>
         <input_file_ref idref="fl-18"/>
      </object_component>
      <object_component id="oc-1c9">
         <name>.debug_info</name>
         <load_address>0xe554</load_address>
         <run_address>0xe554</run_address>
         <size>0x51c</size>
         <input_file_ref idref="fl-18"/>
      </object_component>
      <object_component id="oc-24a">
         <name>.debug_info</name>
         <load_address>0xea70</load_address>
         <run_address>0xea70</run_address>
         <size>0x296</size>
         <input_file_ref idref="fl-18"/>
      </object_component>
      <object_component id="oc-290">
         <name>.debug_info</name>
         <load_address>0xed06</load_address>
         <run_address>0xed06</run_address>
         <size>0x62</size>
         <input_file_ref idref="fl-18"/>
      </object_component>
      <object_component id="oc-25b">
         <name>.debug_info</name>
         <load_address>0xed68</load_address>
         <run_address>0xed68</run_address>
         <size>0x336</size>
         <input_file_ref idref="fl-19"/>
      </object_component>
      <object_component id="oc-1d2">
         <name>.debug_info</name>
         <load_address>0xf09e</load_address>
         <run_address>0xf09e</run_address>
         <size>0x49d</size>
         <input_file_ref idref="fl-19"/>
      </object_component>
      <object_component id="oc-1ad">
         <name>.debug_info</name>
         <load_address>0xf53b</load_address>
         <run_address>0xf53b</run_address>
         <size>0xe02</size>
         <input_file_ref idref="fl-1a"/>
      </object_component>
      <object_component id="oc-fc">
         <name>.debug_info</name>
         <load_address>0x1033d</load_address>
         <run_address>0x1033d</run_address>
         <size>0x3af7</size>
         <input_file_ref idref="fl-1a"/>
      </object_component>
      <object_component id="oc-1b3">
         <name>.debug_info</name>
         <load_address>0x13e34</load_address>
         <run_address>0x13e34</run_address>
         <size>0x46</size>
         <input_file_ref idref="fl-1a"/>
      </object_component>
      <object_component id="oc-263">
         <name>.debug_info</name>
         <load_address>0x13e7a</load_address>
         <run_address>0x13e7a</run_address>
         <size>0x3cd</size>
         <input_file_ref idref="fl-1b"/>
      </object_component>
      <object_component id="oc-12f">
         <name>.debug_info</name>
         <load_address>0x14247</load_address>
         <run_address>0x14247</run_address>
         <size>0x10d</size>
         <input_file_ref idref="fl-1b"/>
      </object_component>
      <object_component id="oc-1d5">
         <name>.debug_info</name>
         <load_address>0x14354</load_address>
         <run_address>0x14354</run_address>
         <size>0x588</size>
         <input_file_ref idref="fl-1b"/>
      </object_component>
      <object_component id="oc-25d">
         <name>.debug_info</name>
         <load_address>0x148dc</load_address>
         <run_address>0x148dc</run_address>
         <size>0x244</size>
         <input_file_ref idref="fl-1b"/>
      </object_component>
      <object_component id="oc-a1">
         <name>.debug_info</name>
         <load_address>0x14b20</load_address>
         <run_address>0x14b20</run_address>
         <size>0x4c6</size>
         <input_file_ref idref="fl-1c"/>
      </object_component>
      <object_component id="oc-225">
         <name>.debug_info</name>
         <load_address>0x14fe6</load_address>
         <run_address>0x14fe6</run_address>
         <size>0x6d9</size>
         <input_file_ref idref="fl-1d"/>
      </object_component>
      <object_component id="oc-198">
         <name>.debug_info</name>
         <load_address>0x156bf</load_address>
         <run_address>0x156bf</run_address>
         <size>0x23c7</size>
         <input_file_ref idref="fl-1d"/>
      </object_component>
      <object_component id="oc-278">
         <name>.debug_info</name>
         <load_address>0x17a86</load_address>
         <run_address>0x17a86</run_address>
         <size>0x155</size>
         <input_file_ref idref="fl-1d"/>
      </object_component>
      <object_component id="oc-1e4">
         <name>.debug_info</name>
         <load_address>0x17bdb</load_address>
         <run_address>0x17bdb</run_address>
         <size>0x857</size>
         <input_file_ref idref="fl-1e"/>
      </object_component>
      <object_component id="oc-12c">
         <name>.debug_info</name>
         <load_address>0x18432</load_address>
         <run_address>0x18432</run_address>
         <size>0x330</size>
         <input_file_ref idref="fl-1e"/>
      </object_component>
      <object_component id="oc-1db">
         <name>.debug_info</name>
         <load_address>0x18762</load_address>
         <run_address>0x18762</run_address>
         <size>0x25c</size>
         <input_file_ref idref="fl-1e"/>
      </object_component>
      <object_component id="oc-109">
         <name>.debug_info</name>
         <load_address>0x189be</load_address>
         <run_address>0x189be</run_address>
         <size>0x4b00</size>
         <input_file_ref idref="fl-1e"/>
      </object_component>
      <object_component id="oc-192">
         <name>.debug_info</name>
         <load_address>0x1d4be</load_address>
         <run_address>0x1d4be</run_address>
         <size>0x3d0</size>
         <input_file_ref idref="fl-1e"/>
      </object_component>
      <object_component id="oc-26a">
         <name>.debug_info</name>
         <load_address>0x1d88e</load_address>
         <run_address>0x1d88e</run_address>
         <size>0x146</size>
         <input_file_ref idref="fl-1e"/>
      </object_component>
      <object_component id="oc-f4">
         <name>.debug_info</name>
         <load_address>0x1d9d4</load_address>
         <run_address>0x1d9d4</run_address>
         <size>0x454</size>
         <input_file_ref idref="fl-d9"/>
      </object_component>
      <object_component id="oc-86">
         <name>.debug_info</name>
         <load_address>0x1de28</load_address>
         <run_address>0x1de28</run_address>
         <size>0x161</size>
         <input_file_ref idref="fl-d9"/>
      </object_component>
      <object_component id="oc-184">
         <name>.debug_info</name>
         <load_address>0x1df89</load_address>
         <run_address>0x1df89</run_address>
         <size>0x39</size>
         <input_file_ref idref="fl-d9"/>
      </object_component>
      <object_component id="oc-217">
         <name>.debug_info</name>
         <load_address>0x1dfc2</load_address>
         <run_address>0x1dfc2</run_address>
         <size>0x39</size>
         <input_file_ref idref="fl-d9"/>
      </object_component>
      <object_component id="oc-189">
         <name>.debug_info</name>
         <load_address>0x1dffb</load_address>
         <run_address>0x1dffb</run_address>
         <size>0xcd</size>
         <input_file_ref idref="fl-d9"/>
      </object_component>
      <object_component id="oc-b9">
         <name>.debug_info</name>
         <load_address>0x1e0c8</load_address>
         <run_address>0x1e0c8</run_address>
         <size>0x264</size>
         <input_file_ref idref="fl-da"/>
      </object_component>
      <object_component id="oc-f">
         <name>.debug_info</name>
         <load_address>0x1e32c</load_address>
         <run_address>0x1e32c</run_address>
         <size>0x216</size>
         <input_file_ref idref="fl-da"/>
      </object_component>
      <object_component id="oc-47">
         <name>.debug_info</name>
         <load_address>0x1e542</load_address>
         <run_address>0x1e542</run_address>
         <size>0x60</size>
         <input_file_ref idref="fl-da"/>
      </object_component>
      <object_component id="oc-b4">
         <name>.debug_info</name>
         <load_address>0x1e5a2</load_address>
         <run_address>0x1e5a2</run_address>
         <size>0x46</size>
         <input_file_ref idref="fl-da"/>
      </object_component>
      <object_component id="oc-5c">
         <name>.debug_info</name>
         <load_address>0x1e5e8</load_address>
         <run_address>0x1e5e8</run_address>
         <size>0x2a6</size>
         <input_file_ref idref="fl-db"/>
      </object_component>
      <object_component id="oc-16">
         <name>.debug_info</name>
         <load_address>0x1e88e</load_address>
         <run_address>0x1e88e</run_address>
         <size>0x19b</size>
         <input_file_ref idref="fl-db"/>
      </object_component>
      <object_component id="oc-57">
         <name>.debug_info</name>
         <load_address>0x1ea29</load_address>
         <run_address>0x1ea29</run_address>
         <size>0x46</size>
         <input_file_ref idref="fl-db"/>
      </object_component>
      <object_component id="oc-bb">
         <name>.debug_info</name>
         <load_address>0x1ea6f</load_address>
         <run_address>0x1ea6f</run_address>
         <size>0x2c</size>
         <input_file_ref idref="fl-db"/>
      </object_component>
      <object_component id="oc-68">
         <name>.debug_info</name>
         <load_address>0x1ea9b</load_address>
         <run_address>0x1ea9b</run_address>
         <size>0x295</size>
         <input_file_ref idref="fl-dc"/>
      </object_component>
      <object_component id="oc-1b">
         <name>.debug_info</name>
         <load_address>0x1ed30</load_address>
         <run_address>0x1ed30</run_address>
         <size>0x166</size>
         <input_file_ref idref="fl-dc"/>
      </object_component>
      <object_component id="oc-63">
         <name>.debug_info</name>
         <load_address>0x1ee96</load_address>
         <run_address>0x1ee96</run_address>
         <size>0x46</size>
         <input_file_ref idref="fl-dc"/>
      </object_component>
      <object_component id="oc-c3">
         <name>.debug_info</name>
         <load_address>0x1eedc</load_address>
         <run_address>0x1eedc</run_address>
         <size>0x2c</size>
         <input_file_ref idref="fl-dc"/>
      </object_component>
      <object_component id="oc-180">
         <name>.debug_info</name>
         <load_address>0x1ef08</load_address>
         <run_address>0x1ef08</run_address>
         <size>0x34b</size>
         <input_file_ref idref="fl-dd"/>
      </object_component>
      <object_component id="oc-e8">
         <name>.debug_info</name>
         <load_address>0x1f253</load_address>
         <run_address>0x1f253</run_address>
         <size>0x154</size>
         <input_file_ref idref="fl-dd"/>
      </object_component>
      <object_component id="oc-212">
         <name>.debug_info</name>
         <load_address>0x1f3a7</load_address>
         <run_address>0x1f3a7</run_address>
         <size>0x2c</size>
         <input_file_ref idref="fl-dd"/>
      </object_component>
      <object_component id="oc-124">
         <name>.debug_info</name>
         <load_address>0x1f3d3</load_address>
         <run_address>0x1f3d3</run_address>
         <size>0x39f</size>
         <input_file_ref idref="fl-de"/>
      </object_component>
      <object_component id="oc-11e">
         <name>.debug_info</name>
         <load_address>0x1f772</load_address>
         <run_address>0x1f772</run_address>
         <size>0x156</size>
         <input_file_ref idref="fl-de"/>
      </object_component>
      <object_component id="oc-92">
         <name>.debug_info</name>
         <load_address>0x1f8c8</load_address>
         <run_address>0x1f8c8</run_address>
         <size>0x1e5</size>
         <input_file_ref idref="fl-de"/>
      </object_component>
      <object_component id="oc-52">
         <name>.debug_info</name>
         <load_address>0x1faad</load_address>
         <run_address>0x1faad</run_address>
         <size>0x14d</size>
         <input_file_ref idref="fl-df"/>
      </object_component>
      <object_component id="oc-5e">
         <name>.debug_info</name>
         <load_address>0x1fbfa</load_address>
         <run_address>0x1fbfa</run_address>
         <size>0x115</size>
         <input_file_ref idref="fl-e0"/>
      </object_component>
      <object_component id="oc-23a">
         <name>.debug_info</name>
         <load_address>0x1fd0f</load_address>
         <run_address>0x1fd0f</run_address>
         <size>0x29f</size>
         <input_file_ref idref="fl-e1"/>
      </object_component>
      <object_component id="oc-1bf">
         <name>.debug_info</name>
         <load_address>0x1ffae</load_address>
         <run_address>0x1ffae</run_address>
         <size>0x166</size>
         <input_file_ref idref="fl-e1"/>
      </object_component>
      <object_component id="oc-235">
         <name>.debug_info</name>
         <load_address>0x20114</load_address>
         <run_address>0x20114</run_address>
         <size>0x39</size>
         <input_file_ref idref="fl-e1"/>
      </object_component>
      <object_component id="oc-ee">
         <name>.debug_info</name>
         <load_address>0x2014d</load_address>
         <run_address>0x2014d</run_address>
         <size>0x116</size>
         <input_file_ref idref="fl-e2"/>
      </object_component>
      <object_component id="oc-267">
         <name>.debug_info</name>
         <load_address>0x20263</load_address>
         <run_address>0x20263</run_address>
         <size>0x255</size>
         <input_file_ref idref="fl-e3"/>
      </object_component>
      <object_component id="oc-1de">
         <name>.debug_info</name>
         <load_address>0x204b8</load_address>
         <run_address>0x204b8</run_address>
         <size>0x1a1</size>
         <input_file_ref idref="fl-e3"/>
      </object_component>
      <object_component id="oc-204">
         <name>.debug_info</name>
         <load_address>0x20659</load_address>
         <run_address>0x20659</run_address>
         <size>0x28f</size>
         <input_file_ref idref="fl-e4"/>
      </object_component>
      <object_component id="oc-121">
         <name>.debug_info</name>
         <load_address>0x208e8</load_address>
         <run_address>0x208e8</run_address>
         <size>0xe4</size>
         <input_file_ref idref="fl-e4"/>
      </object_component>
      <object_component id="oc-1ff">
         <name>.debug_info</name>
         <load_address>0x209cc</load_address>
         <run_address>0x209cc</run_address>
         <size>0x1f0</size>
         <input_file_ref idref="fl-e4"/>
      </object_component>
      <object_component id="oc-2c4">
         <name>.debug_info</name>
         <load_address>0x20bbc</load_address>
         <run_address>0x20bbc</run_address>
         <size>0x8c</size>
      </object_component>
      <object_component id="oc-20d">
         <name>.debug_line</name>
         <load_address>0x0</load_address>
         <run_address>0x0</run_address>
         <size>0x20</size>
         <input_file_ref idref="fl-2"/>
      </object_component>
      <object_component id="oc-dc">
         <name>.debug_line</name>
         <load_address>0x20</load_address>
         <run_address>0x20</run_address>
         <size>0x4f</size>
         <input_file_ref idref="fl-2"/>
      </object_component>
      <object_component id="oc-9c">
         <name>.debug_line</name>
         <load_address>0x6f</load_address>
         <run_address>0x6f</run_address>
         <size>0x55</size>
         <input_file_ref idref="fl-2"/>
      </object_component>
      <object_component id="oc-11b">
         <name>.debug_line</name>
         <load_address>0xc4</load_address>
         <run_address>0xc4</run_address>
         <size>0x20</size>
         <input_file_ref idref="fl-2"/>
      </object_component>
      <object_component id="oc-ad">
         <name>.debug_line</name>
         <load_address>0xe4</load_address>
         <run_address>0xe4</run_address>
         <size>0x50</size>
         <input_file_ref idref="fl-2"/>
      </object_component>
      <object_component id="oc-129">
         <name>.debug_line</name>
         <load_address>0x134</load_address>
         <run_address>0x134</run_address>
         <size>0x66</size>
         <input_file_ref idref="fl-2"/>
      </object_component>
      <object_component id="oc-b2">
         <name>.debug_line</name>
         <load_address>0x19a</load_address>
         <run_address>0x19a</run_address>
         <size>0x53</size>
         <input_file_ref idref="fl-2"/>
      </object_component>
      <object_component id="oc-137">
         <name>.debug_line</name>
         <load_address>0x1ed</load_address>
         <run_address>0x1ed</run_address>
         <size>0x52</size>
         <input_file_ref idref="fl-2"/>
      </object_component>
      <object_component id="oc-169">
         <name>.debug_line</name>
         <load_address>0x23f</load_address>
         <run_address>0x23f</run_address>
         <size>0x50</size>
         <input_file_ref idref="fl-2"/>
      </object_component>
      <object_component id="oc-13c">
         <name>.debug_line</name>
         <load_address>0x28f</load_address>
         <run_address>0x28f</run_address>
         <size>0x50</size>
         <input_file_ref idref="fl-2"/>
      </object_component>
      <object_component id="oc-141">
         <name>.debug_line</name>
         <load_address>0x2df</load_address>
         <run_address>0x2df</run_address>
         <size>0x52</size>
         <input_file_ref idref="fl-2"/>
      </object_component>
      <object_component id="oc-146">
         <name>.debug_line</name>
         <load_address>0x331</load_address>
         <run_address>0x331</run_address>
         <size>0x50</size>
         <input_file_ref idref="fl-2"/>
      </object_component>
      <object_component id="oc-14b">
         <name>.debug_line</name>
         <load_address>0x381</load_address>
         <run_address>0x381</run_address>
         <size>0x53</size>
         <input_file_ref idref="fl-2"/>
      </object_component>
      <object_component id="oc-150">
         <name>.debug_line</name>
         <load_address>0x3d4</load_address>
         <run_address>0x3d4</run_address>
         <size>0x53</size>
         <input_file_ref idref="fl-2"/>
      </object_component>
      <object_component id="oc-155">
         <name>.debug_line</name>
         <load_address>0x427</load_address>
         <run_address>0x427</run_address>
         <size>0x50</size>
         <input_file_ref idref="fl-2"/>
      </object_component>
      <object_component id="oc-17e">
         <name>.debug_line</name>
         <load_address>0x477</load_address>
         <run_address>0x477</run_address>
         <size>0x4c</size>
         <input_file_ref idref="fl-4"/>
      </object_component>
      <object_component id="oc-7f">
         <name>.debug_line</name>
         <load_address>0x4c3</load_address>
         <run_address>0x4c3</run_address>
         <size>0x365</size>
         <input_file_ref idref="fl-4"/>
      </object_component>
      <object_component id="oc-27">
         <name>.debug_line</name>
         <load_address>0x828</load_address>
         <run_address>0x828</run_address>
         <size>0x7c</size>
         <input_file_ref idref="fl-4"/>
      </object_component>
      <object_component id="oc-e3">
         <name>.debug_line</name>
         <load_address>0x8a4</load_address>
         <run_address>0x8a4</run_address>
         <size>0x4c</size>
         <input_file_ref idref="fl-4"/>
      </object_component>
      <object_component id="oc-21d">
         <name>.debug_line</name>
         <load_address>0x8f0</load_address>
         <run_address>0x8f0</run_address>
         <size>0x20</size>
         <input_file_ref idref="fl-5"/>
      </object_component>
      <object_component id="oc-f9">
         <name>.debug_line</name>
         <load_address>0x910</load_address>
         <run_address>0x910</run_address>
         <size>0x199</size>
         <input_file_ref idref="fl-5"/>
      </object_component>
      <object_component id="oc-221">
         <name>.debug_line</name>
         <load_address>0xaa9</load_address>
         <run_address>0xaa9</run_address>
         <size>0x4c</size>
         <input_file_ref idref="fl-5"/>
      </object_component>
      <object_component id="oc-160">
         <name>.debug_line</name>
         <load_address>0xaf5</load_address>
         <run_address>0xaf5</run_address>
         <size>0x20</size>
         <input_file_ref idref="fl-7"/>
      </object_component>
      <object_component id="oc-73">
         <name>.debug_line</name>
         <load_address>0xb15</load_address>
         <run_address>0xb15</run_address>
         <size>0xed</size>
         <input_file_ref idref="fl-7"/>
      </object_component>
      <object_component id="oc-164">
         <name>.debug_line</name>
         <load_address>0xc02</load_address>
         <run_address>0xc02</run_address>
         <size>0x50</size>
         <input_file_ref idref="fl-7"/>
      </object_component>
      <object_component id="oc-d0">
         <name>.debug_line</name>
         <load_address>0xc52</load_address>
         <run_address>0xc52</run_address>
         <size>0x50</size>
         <input_file_ref idref="fl-7"/>
      </object_component>
      <object_component id="oc-16e">
         <name>.debug_line</name>
         <load_address>0xca2</load_address>
         <run_address>0xca2</run_address>
         <size>0x50</size>
         <input_file_ref idref="fl-7"/>
      </object_component>
      <object_component id="oc-247">
         <name>.debug_line</name>
         <load_address>0xcf2</load_address>
         <run_address>0xcf2</run_address>
         <size>0x4c</size>
         <input_file_ref idref="fl-7"/>
      </object_component>
      <object_component id="oc-275">
         <name>.debug_line</name>
         <load_address>0xd3e</load_address>
         <run_address>0xd3e</run_address>
         <size>0x20</size>
         <input_file_ref idref="fl-8"/>
      </object_component>
      <object_component id="oc-d4">
         <name>.debug_line</name>
         <load_address>0xd5e</load_address>
         <run_address>0xd5e</run_address>
         <size>0xdc</size>
         <input_file_ref idref="fl-8"/>
      </object_component>
      <object_component id="oc-17b">
         <name>.debug_line</name>
         <load_address>0xe3a</load_address>
         <run_address>0xe3a</run_address>
         <size>0x53</size>
         <input_file_ref idref="fl-8"/>
      </object_component>
      <object_component id="oc-23e">
         <name>.debug_line</name>
         <load_address>0xe8d</load_address>
         <run_address>0xe8d</run_address>
         <size>0x64</size>
         <input_file_ref idref="fl-9"/>
      </object_component>
      <object_component id="oc-23c">
         <name>.debug_line</name>
         <load_address>0xef1</load_address>
         <run_address>0xef1</run_address>
         <size>0x36</size>
         <input_file_ref idref="fl-9"/>
      </object_component>
      <object_component id="oc-105">
         <name>.debug_line</name>
         <load_address>0xf27</load_address>
         <run_address>0xf27</run_address>
         <size>0x2c0</size>
         <input_file_ref idref="fl-9"/>
      </object_component>
      <object_component id="oc-242">
         <name>.debug_line</name>
         <load_address>0x11e7</load_address>
         <run_address>0x11e7</run_address>
         <size>0x36</size>
         <input_file_ref idref="fl-9"/>
      </object_component>
      <object_component id="oc-6d">
         <name>.debug_line</name>
         <load_address>0x121d</load_address>
         <run_address>0x121d</run_address>
         <size>0x2f2</size>
         <input_file_ref idref="fl-a"/>
      </object_component>
      <object_component id="oc-30">
         <name>.debug_line</name>
         <load_address>0x150f</load_address>
         <run_address>0x150f</run_address>
         <size>0x52</size>
         <input_file_ref idref="fl-c"/>
      </object_component>
      <object_component id="oc-1e8">
         <name>.debug_line</name>
         <load_address>0x1561</load_address>
         <run_address>0x1561</run_address>
         <size>0xc0</size>
         <input_file_ref idref="fl-d"/>
      </object_component>
      <object_component id="oc-1e6">
         <name>.debug_line</name>
         <load_address>0x1621</load_address>
         <run_address>0x1621</run_address>
         <size>0x3b</size>
         <input_file_ref idref="fl-d"/>
      </object_component>
      <object_component id="oc-1f9">
         <name>.debug_line</name>
         <load_address>0x165c</load_address>
         <run_address>0x165c</run_address>
         <size>0x3b</size>
         <input_file_ref idref="fl-d"/>
      </object_component>
      <object_component id="oc-8d">
         <name>.debug_line</name>
         <load_address>0x1697</load_address>
         <run_address>0x1697</run_address>
         <size>0xcb</size>
         <input_file_ref idref="fl-d"/>
      </object_component>
      <object_component id="oc-1b1">
         <name>.debug_line</name>
         <load_address>0x1762</load_address>
         <run_address>0x1762</run_address>
         <size>0x4d</size>
         <input_file_ref idref="fl-d"/>
      </object_component>
      <object_component id="oc-1f6">
         <name>.debug_line</name>
         <load_address>0x17af</load_address>
         <run_address>0x17af</run_address>
         <size>0x4e</size>
         <input_file_ref idref="fl-d"/>
      </object_component>
      <object_component id="oc-1a6">
         <name>.debug_line</name>
         <load_address>0x17fd</load_address>
         <run_address>0x17fd</run_address>
         <size>0x52</size>
         <input_file_ref idref="fl-d"/>
      </object_component>
      <object_component id="oc-1ab">
         <name>.debug_line</name>
         <load_address>0x184f</load_address>
         <run_address>0x184f</run_address>
         <size>0x51</size>
         <input_file_ref idref="fl-d"/>
      </object_component>
      <object_component id="oc-1ec">
         <name>.debug_line</name>
         <load_address>0x18a0</load_address>
         <run_address>0x18a0</run_address>
         <size>0x50</size>
         <input_file_ref idref="fl-d"/>
      </object_component>
      <object_component id="oc-1f1">
         <name>.debug_line</name>
         <load_address>0x18f0</load_address>
         <run_address>0x18f0</run_address>
         <size>0x4d</size>
         <input_file_ref idref="fl-d"/>
      </object_component>
      <object_component id="oc-82">
         <name>.debug_line</name>
         <load_address>0x193d</load_address>
         <run_address>0x193d</run_address>
         <size>0x1f3</size>
         <input_file_ref idref="fl-e"/>
      </object_component>
      <object_component id="oc-273">
         <name>.debug_line</name>
         <load_address>0x1b30</load_address>
         <run_address>0x1b30</run_address>
         <size>0x20</size>
         <input_file_ref idref="fl-f"/>
      </object_component>
      <object_component id="oc-176">
         <name>.debug_line</name>
         <load_address>0x1b50</load_address>
         <run_address>0x1b50</run_address>
         <size>0x50</size>
         <input_file_ref idref="fl-f"/>
      </object_component>
      <object_component id="oc-36">
         <name>.debug_line</name>
         <load_address>0x1ba0</load_address>
         <run_address>0x1ba0</run_address>
         <size>0x4e</size>
         <input_file_ref idref="fl-10"/>
      </object_component>
      <object_component id="oc-24">
         <name>.debug_line</name>
         <load_address>0x1bee</load_address>
         <run_address>0x1bee</run_address>
         <size>0x7b</size>
         <input_file_ref idref="fl-13"/>
      </object_component>
      <object_component id="oc-133">
         <name>.debug_line</name>
         <load_address>0x1c69</load_address>
         <run_address>0x1c69</run_address>
         <size>0x7c</size>
         <input_file_ref idref="fl-14"/>
      </object_component>
      <object_component id="oc-a4">
         <name>.debug_line</name>
         <load_address>0x1ce5</load_address>
         <run_address>0x1ce5</run_address>
         <size>0x3a</size>
         <input_file_ref idref="fl-14"/>
      </object_component>
      <object_component id="oc-43">
         <name>.debug_line</name>
         <load_address>0x1d1f</load_address>
         <run_address>0x1d1f</run_address>
         <size>0x1b2</size>
         <input_file_ref idref="fl-14"/>
      </object_component>
      <object_component id="oc-3c">
         <name>.debug_line</name>
         <load_address>0x1ed1</load_address>
         <run_address>0x1ed1</run_address>
         <size>0xbc</size>
         <input_file_ref idref="fl-14"/>
      </object_component>
      <object_component id="oc-15a">
         <name>.debug_line</name>
         <load_address>0x1f8d</load_address>
         <run_address>0x1f8d</run_address>
         <size>0x3a</size>
         <input_file_ref idref="fl-14"/>
      </object_component>
      <object_component id="oc-172">
         <name>.debug_line</name>
         <load_address>0x1fc7</load_address>
         <run_address>0x1fc7</run_address>
         <size>0x80</size>
         <input_file_ref idref="fl-15"/>
      </object_component>
      <object_component id="oc-78">
         <name>.debug_line</name>
         <load_address>0x2047</load_address>
         <run_address>0x2047</run_address>
         <size>0x21e</size>
         <input_file_ref idref="fl-15"/>
      </object_component>
      <object_component id="oc-4f">
         <name>.debug_line</name>
         <load_address>0x2265</load_address>
         <run_address>0x2265</run_address>
         <size>0x20</size>
         <input_file_ref idref="fl-16"/>
      </object_component>
      <object_component id="oc-27e">
         <name>.debug_line</name>
         <load_address>0x2285</load_address>
         <run_address>0x2285</run_address>
         <size>0xdd</size>
         <input_file_ref idref="fl-17"/>
      </object_component>
      <object_component id="oc-19d">
         <name>.debug_line</name>
         <load_address>0x2362</load_address>
         <run_address>0x2362</run_address>
         <size>0x2ec</size>
         <input_file_ref idref="fl-17"/>
      </object_component>
      <object_component id="oc-229">
         <name>.debug_line</name>
         <load_address>0x264e</load_address>
         <run_address>0x264e</run_address>
         <size>0x66</size>
         <input_file_ref idref="fl-17"/>
      </object_component>
      <object_component id="oc-1bb">
         <name>.debug_line</name>
         <load_address>0x26b4</load_address>
         <run_address>0x26b4</run_address>
         <size>0x55</size>
         <input_file_ref idref="fl-17"/>
      </object_component>
      <object_component id="oc-232">
         <name>.debug_line</name>
         <load_address>0x2709</load_address>
         <run_address>0x2709</run_address>
         <size>0x4e</size>
         <input_file_ref idref="fl-17"/>
      </object_component>
      <object_component id="oc-282">
         <name>.debug_line</name>
         <load_address>0x2757</load_address>
         <run_address>0x2757</run_address>
         <size>0x3f</size>
         <input_file_ref idref="fl-17"/>
      </object_component>
      <object_component id="oc-296">
         <name>.debug_line</name>
         <load_address>0x2796</load_address>
         <run_address>0x2796</run_address>
         <size>0x7f</size>
         <input_file_ref idref="fl-18"/>
      </object_component>
      <object_component id="oc-29f">
         <name>.debug_line</name>
         <load_address>0x2815</load_address>
         <run_address>0x2815</run_address>
         <size>0x37</size>
         <input_file_ref idref="fl-18"/>
      </object_component>
      <object_component id="oc-28d">
         <name>.debug_line</name>
         <load_address>0x284c</load_address>
         <run_address>0x284c</run_address>
         <size>0x37</size>
         <input_file_ref idref="fl-18"/>
      </object_component>
      <object_component id="oc-28f">
         <name>.debug_line</name>
         <load_address>0x2883</load_address>
         <run_address>0x2883</run_address>
         <size>0x37</size>
         <input_file_ref idref="fl-18"/>
      </object_component>
      <object_component id="oc-28b">
         <name>.debug_line</name>
         <load_address>0x28ba</load_address>
         <run_address>0x28ba</run_address>
         <size>0x37</size>
         <input_file_ref idref="fl-18"/>
      </object_component>
      <object_component id="oc-1cc">
         <name>.debug_line</name>
         <load_address>0x28f1</load_address>
         <run_address>0x28f1</run_address>
         <size>0x11b</size>
         <input_file_ref idref="fl-18"/>
      </object_component>
      <object_component id="oc-24d">
         <name>.debug_line</name>
         <load_address>0x2a0c</load_address>
         <run_address>0x2a0c</run_address>
         <size>0xb0</size>
         <input_file_ref idref="fl-18"/>
      </object_component>
      <object_component id="oc-293">
         <name>.debug_line</name>
         <load_address>0x2abc</load_address>
         <run_address>0x2abc</run_address>
         <size>0x37</size>
         <input_file_ref idref="fl-18"/>
      </object_component>
      <object_component id="oc-298">
         <name>.debug_line</name>
         <load_address>0x2af3</load_address>
         <run_address>0x2af3</run_address>
         <size>0x20</size>
         <input_file_ref idref="fl-19"/>
      </object_component>
      <object_component id="oc-1cf">
         <name>.debug_line</name>
         <load_address>0x2b13</load_address>
         <run_address>0x2b13</run_address>
         <size>0xef</size>
         <input_file_ref idref="fl-19"/>
      </object_component>
      <object_component id="oc-22e">
         <name>.debug_line</name>
         <load_address>0x2c02</load_address>
         <run_address>0x2c02</run_address>
         <size>0xcf</size>
         <input_file_ref idref="fl-1a"/>
      </object_component>
      <object_component id="oc-100">
         <name>.debug_line</name>
         <load_address>0x2cd1</load_address>
         <run_address>0x2cd1</run_address>
         <size>0x570</size>
         <input_file_ref idref="fl-1a"/>
      </object_component>
      <object_component id="oc-1b6">
         <name>.debug_line</name>
         <load_address>0x3241</load_address>
         <run_address>0x3241</run_address>
         <size>0x4e</size>
         <input_file_ref idref="fl-1a"/>
      </object_component>
      <object_component id="oc-29b">
         <name>.debug_line</name>
         <load_address>0x328f</load_address>
         <run_address>0x328f</run_address>
         <size>0x9a</size>
         <input_file_ref idref="fl-1b"/>
      </object_component>
      <object_component id="oc-20b">
         <name>.debug_line</name>
         <load_address>0x3329</load_address>
         <run_address>0x3329</run_address>
         <size>0x37</size>
         <input_file_ref idref="fl-1b"/>
      </object_component>
      <object_component id="oc-1d8">
         <name>.debug_line</name>
         <load_address>0x3360</load_address>
         <run_address>0x3360</run_address>
         <size>0x115</size>
         <input_file_ref idref="fl-1b"/>
      </object_component>
      <object_component id="oc-261">
         <name>.debug_line</name>
         <load_address>0x3475</load_address>
         <run_address>0x3475</run_address>
         <size>0x8b</size>
         <input_file_ref idref="fl-1b"/>
      </object_component>
      <object_component id="oc-a0">
         <name>.debug_line</name>
         <load_address>0x3500</load_address>
         <run_address>0x3500</run_address>
         <size>0x25b</size>
         <input_file_ref idref="fl-1c"/>
      </object_component>
      <object_component id="oc-277">
         <name>.debug_line</name>
         <load_address>0x375b</load_address>
         <run_address>0x375b</run_address>
         <size>0x123</size>
         <input_file_ref idref="fl-1d"/>
      </object_component>
      <object_component id="oc-197">
         <name>.debug_line</name>
         <load_address>0x387e</load_address>
         <run_address>0x387e</run_address>
         <size>0x5ae</size>
         <input_file_ref idref="fl-1d"/>
      </object_component>
      <object_component id="oc-27b">
         <name>.debug_line</name>
         <load_address>0x3e2c</load_address>
         <run_address>0x3e2c</run_address>
         <size>0x38</size>
         <input_file_ref idref="fl-1d"/>
      </object_component>
      <object_component id="oc-269">
         <name>.debug_line</name>
         <load_address>0x3e64</load_address>
         <run_address>0x3e64</run_address>
         <size>0xf6</size>
         <input_file_ref idref="fl-1e"/>
      </object_component>
      <object_component id="oc-209">
         <name>.debug_line</name>
         <load_address>0x3f5a</load_address>
         <run_address>0x3f5a</run_address>
         <size>0x38</size>
         <input_file_ref idref="fl-1e"/>
      </object_component>
      <object_component id="oc-265">
         <name>.debug_line</name>
         <load_address>0x3f92</load_address>
         <run_address>0x3f92</run_address>
         <size>0x38</size>
         <input_file_ref idref="fl-1e"/>
      </object_component>
      <object_component id="oc-108">
         <name>.debug_line</name>
         <load_address>0x3fca</load_address>
         <run_address>0x3fca</run_address>
         <size>0xc96</size>
         <input_file_ref idref="fl-1e"/>
      </object_component>
      <object_component id="oc-191">
         <name>.debug_line</name>
         <load_address>0x4c60</load_address>
         <run_address>0x4c60</run_address>
         <size>0xc2</size>
         <input_file_ref idref="fl-1e"/>
      </object_component>
      <object_component id="oc-26d">
         <name>.debug_line</name>
         <load_address>0x4d22</load_address>
         <run_address>0x4d22</run_address>
         <size>0x38</size>
         <input_file_ref idref="fl-1e"/>
      </object_component>
      <object_component id="oc-183">
         <name>.debug_line</name>
         <load_address>0x4d5a</load_address>
         <run_address>0x4d5a</run_address>
         <size>0x7c</size>
         <input_file_ref idref="fl-d9"/>
      </object_component>
      <object_component id="oc-89">
         <name>.debug_line</name>
         <load_address>0x4dd6</load_address>
         <run_address>0x4dd6</run_address>
         <size>0x95</size>
         <input_file_ref idref="fl-d9"/>
      </object_component>
      <object_component id="oc-187">
[...]
         <value>0x9024</value>
         <object_component_ref idref="oc-fb"/>
      </symbol>
      <symbol id="sm-5bf">
         <name>MPU_vTaskDelete</name>
         <value>0x8abc</value>
         <object_component_ref idref="oc-fb"/>
      </symbol>
      <symbol id="sm-5c0">
         <name>MPU_xTaskResumeAll</name>
         <value>0x8c94</value>
         <object_component_ref idref="oc-fb"/>
      </symbol>
      <symbol id="sm-5c1">
         <name>MPU_xEventGroupCreate</name>
         <value>0x91f0</value>
         <object_component_ref idref="oc-fb"/>
      </symbol>
      <symbol id="sm-5c2">
         <name>MPU_vTaskDelay</name>
         <value>0x8ae8</value>
         <object_component_ref idref="oc-fb"/>
      </symbol>
      <symbol id="sm-5c3">
         <name>MPU_xTaskNotifyStateClear</name>
         <value>0x8f54</value>
         <object_component_ref idref="oc-fb"/>
      </symbol>
      <symbol id="sm-5c4">
         <name>MPU_ulTaskNotifyTake</name>
         <value>0x8f10</value>
         <object_component_ref idref="oc-fb"/>
      </symbol>
      <symbol id="sm-5c5">
         <name>MPU_xQueueGenericCreate</name>
         <value>0x9160</value>
         <object_component_ref idref="oc-fb"/>
      </symbol>
      <symbol id="sm-5c6">
         <name>MPU_xTaskCheckForTimeOut</name>
         <value>0x8fb4</value>
         <object_component_ref idref="oc-fb"/>
      </symbol>
      <symbol id="sm-5c7">
         <name>MPU_eTaskGetState</name>
         <value>0x8bb0</value>
         <object_component_ref idref="oc-fb"/>
      </symbol>
      <symbol id="sm-5c8">
         <name>MPU_vTaskSuspendAll</name>
         <value>0x8c70</value>
         <object_component_ref idref="oc-fb"/>
      </symbol>
      <symbol id="sm-5c9">
         <name>MPU_xTaskGetIdleTaskHandle</name>
         <value>0x8e3c</value>
         <object_component_ref idref="oc-fb"/>
      </symbol>
      <symbol id="sm-5ca">
         <name>MPU_vTaskSetThreadLocalStoragePointer</name>
         <value>0x8db4</value>
         <object_component_ref idref="oc-fb"/>
      </symbol>
      <symbol id="sm-60c">
         <name>vPortStoreTaskMPUSettings</name>
         <value>0x4bd0</value>
         <object_component_ref idref="oc-1d4"/>
      </symbol>
      <symbol id="sm-60d">
         <name>ulTaskHasFPUContext</name>
         <value>0x80030b4</value>
         <object_component_ref idref="oc-12e"/>
      </symbol>
      <symbol id="sm-60e">
         <name>vPortEndScheduler</name>
         <value>0x4e64</value>
         <object_component_ref idref="oc-1d4"/>
      </symbol>
      <symbol id="sm-60f">
         <name>ulCriticalNesting</name>
         <value>0x80030b0</value>
         <object_component_ref idref="oc-12e"/>
      </symbol>
      <symbol id="sm-610">
         <name>pxPortInitialiseStack</name>
         <value>0x4abc</value>
         <object_component_ref idref="oc-1d4"/>
      </symbol>
      <symbol id="sm-611">
         <name>xPortStartScheduler</name>
         <value>0x4e44</value>
         <object_component_ref idref="oc-1d4"/>
      </symbol>
      <symbol id="sm-62c">
         <name>prvMpuSetRegion</name>
         <value>0x4a64</value>
         <object_component_ref idref="oc-9e"/>
      </symbol>
      <symbol id="sm-62d">
         <name>vPortStartFirstTask</name>
         <value>0x4604</value>
         <object_component_ref idref="oc-9e"/>
      </symbol>
      <symbol id="sm-62e">
         <name>vPortYeildWithinAPI</name>
         <value>0x4780</value>
         <object_component_ref idref="oc-9e"/>
      </symbol>
      <symbol id="sm-62f">
         <name>vPortPreemptiveTick</name>
         <value>0x4874</value>
         <object_component_ref idref="oc-9e"/>
      </symbol>
      <symbol id="sm-630">
         <name>prvMpuDisable</name>
         <value>0x4a94</value>
         <object_component_ref idref="oc-9e"/>
      </symbol>
      <symbol id="sm-631">
         <name>prvMpuEnable</name>
         <value>0x4a7c</value>
         <object_component_ref idref="oc-9e"/>
      </symbol>
      <symbol id="sm-632">
         <name>vPortInitialiseFPSCR</name>
         <value>0x4974</value>
         <object_component_ref idref="oc-9e"/>
      </symbol>
      <symbol id="sm-633">
         <name>ulPortCountLeadingZeros</name>
         <value>0x4980</value>
         <object_component_ref idref="oc-9e"/>
      </symbol>
      <symbol id="sm-634">
         <name>vPortYieldProcessor</name>
         <value>0x4694</value>
         <object_component_ref idref="oc-9e"/>
      </symbol>
      <symbol id="sm-635">
         <name>vPortSWI</name>
         <value>0x4988</value>
         <object_component_ref idref="oc-9e"/>
      </symbol>
      <symbol id="sm-6f3">
         <name>xQueuePeekFromISR</name>
         <value>0x3828</value>
         <object_component_ref idref="oc-196"/>
      </symbol>
      <symbol id="sm-6f4">
         <name>xQueueIsQueueEmptyFromISR</name>
         <value>0x3d08</value>
         <object_component_ref idref="oc-196"/>
      </symbol>
      <symbol id="sm-6f5">
         <name>xQueueGenericSendFromISR</name>
         <value>0x310c</value>
         <object_component_ref idref="oc-196"/>
      </symbol>
      <symbol id="sm-6f6">
         <name>uxQueueMessagesWaiting</name>
         <value>0x391c</value>
         <object_component_ref idref="oc-196"/>
      </symbol>
      <symbol id="sm-6f7">
         <name>xQueueIsQueueFullFromISR</name>
         <value>0x3d94</value>
         <object_component_ref idref="oc-196"/>
      </symbol>
      <symbol id="sm-6f8">
         <name>xQueueGenericCreate</name>
         <value>0x2d30</value>
         <object_component_ref idref="oc-196"/>
      </symbol>
      <symbol id="sm-6f9">
         <name>xQueueGenericSend</name>
         <value>0x2e4c</value>
         <object_component_ref idref="oc-196"/>
      </symbol>
      <symbol id="sm-6fa">
         <name>xQueueGenericReset</name>
         <value>0x2c08</value>
         <object_component_ref idref="oc-196"/>
      </symbol>
      <symbol id="sm-6fb">
         <name>xQueueReceiveFromISR</name>
         <value>0x36e0</value>
         <object_component_ref idref="oc-196"/>
      </symbol>
      <symbol id="sm-6fc">
         <name>uxQueueSpacesAvailable</name>
         <value>0x3954</value>
         <object_component_ref idref="oc-196"/>
      </symbol>
      <symbol id="sm-6fd">
         <name>xQueueGiveFromISR</name>
         <value>0x329c</value>
         <object_component_ref idref="oc-196"/>
      </symbol>
      <symbol id="sm-6fe">
         <name>uxQueueMessagesWaitingFromISR</name>
         <value>0x39a0</value>
         <object_component_ref idref="oc-196"/>
      </symbol>
      <symbol id="sm-6ff">
         <name>xQueueGenericReceive</name>
         <value>0x3408</value>
         <object_component_ref idref="oc-196"/>
      </symbol>
      <symbol id="sm-700">
         <name>vQueueDelete</name>
         <value>0x39d0</value>
         <object_component_ref idref="oc-196"/>
      </symbol>
      <symbol id="sm-8ea">
         <name>xTaskCreateRestricted</name>
         <value>0x20</value>
         <object_component_ref idref="oc-107"/>
      </symbol>
      <symbol id="sm-8eb">
         <name>vTaskDelay</name>
         <value>0x80c</value>
         <object_component_ref idref="oc-107"/>
      </symbol>
      <symbol id="sm-8ec">
         <name>vTaskSuspendAll</name>
         <value>0x10a0</value>
         <object_component_ref idref="oc-107"/>
      </symbol>
      <symbol id="sm-8ed">
         <name>vTaskPlaceOnEventList</name>
         <value>0x1ad8</value>
         <object_component_ref idref="oc-107"/>
      </symbol>
      <symbol id="sm-8ee">
         <name>pvTaskGetThreadLocalStoragePointer</name>
         <value>0x2004</value>
         <object_component_ref idref="oc-107"/>
      </symbol>
      <symbol id="sm-8ef">
         <name>uxTaskPriorityGetFromISR</name>
         <value>0x9d8</value>
         <object_component_ref idref="oc-107"/>
      </symbol>
      <symbol id="sm-8f0">
         <name>ulTaskNotifyTake</name>
         <value>0x239c</value>
         <object_component_ref idref="oc-107"/>
      </symbol>
      <symbol id="sm-8f1">
         <name>pcTaskGetName</name>
         <value>0x135c</value>
         <object_component_ref idref="oc-107"/>
      </symbol>
      <symbol id="sm-8f2">
         <name>xTaskCheckForTimeOut</name>
         <value>0x1dd8</value>
         <object_component_ref idref="oc-107"/>
      </symbol>
      <symbol id="sm-8f3">
         <name>xTaskRemoveFromUnorderedEventList</name>
         <value>0x1c90</value>
         <object_component_ref idref="oc-107"/>
      </symbol>
      <symbol id="sm-8f4">
         <name>vTaskPrioritySet</name>
         <value>0xa20</value>
         <object_component_ref idref="oc-107"/>
      </symbol>
      <symbol id="sm-8f5">
         <name>vTaskAllocateMPURegions</name>
         <value>0x2070</value>
         <object_component_ref idref="oc-107"/>
      </symbol>
      <symbol id="sm-8f6">
         <name>xTaskAbortDelay</name>
         <value>0x16d0</value>
         <object_component_ref idref="oc-107"/>
      </symbol>
      <symbol id="sm-8f7">
         <name>vTaskStartScheduler</name>
         <value>0xfec</value>
         <object_component_ref idref="oc-107"/>
      </symbol>
      <symbol id="sm-8f8">
         <name>xTaskNotifyStateClear</name>
         <value>0xcf4c</value>
         <object_component_ref idref="oc-190"/>
      </symbol>
      <symbol id="sm-8f9">
         <name>uxTaskGetStackHighWaterMark</name>
         <value>0x2248</value>
         <object_component_ref idref="oc-107"/>
      </symbol>
      <symbol id="sm-8fa">
         <name>vTaskSetThreadLocalStoragePointer</name>
         <value>0x1fa4</value>
         <object_component_ref idref="oc-107"/>
      </symbol>
      <symbol id="sm-8fb">
         <name>xTaskGenericNotify</name>
         <value>0x258c</value>
         <object_component_ref idref="oc-107"/>
      </symbol>
      <symbol id="sm-8fc">
         <name>xTaskCreate</name>
         <value>0xfc</value>
         <object_component_ref idref="oc-107"/>
      </symbol>
      <symbol id="sm-8fd">
         <name>vTaskDelayUntil</name>
         <value>0x6a0</value>
         <object_component_ref idref="oc-107"/>
      </symbol>
      <symbol id="sm-8fe">
         <name>vTaskEndScheduler</name>
         <value>0x1084</value>
         <object_component_ref idref="oc-107"/>
      </symbol>
      <symbol id="sm-8ff">
         <name>xTaskNotifyWait</name>
         <value>0x2474</value>
         <object_component_ref idref="oc-107"/>
      </symbol>
      <symbol id="sm-900">
         <name>vTaskMissedYield</name>
         <value>0x1f10</value>
         <object_component_ref idref="oc-107"/>
      </symbol>
      <symbol id="sm-901">
         <name>uxTaskGetNumberOfTasks</name>
         <value>0x1350</value>
         <object_component_ref idref="oc-107"/>
      </symbol>
      <symbol id="sm-902">
         <name>xTaskGenericNotifyFromISR</name>
         <value>0x2760</value>
         <object_component_ref idref="oc-107"/>
      </symbol>
      <symbol id="sm-903">
         <name>uxTaskPriorityGet</name>
         <value>0x994</value>
         <object_component_ref idref="oc-107"/>
      </symbol>
      <symbol id="sm-904">
         <name>vTaskStepTick</name>
         <value>0x1674</value>
         <object_component_ref idref="oc-107"/>
      </symbol>
      <symbol id="sm-905">
         <name>xTaskResumeAll</name>
         <value>0x115c</value>
         <object_component_ref idref="oc-107"/>
      </symbol>
      <symbol id="sm-906">
         <name>xTaskGetHandle</name>
         <value>0x1534</value>
         <object_component_ref idref="oc-107"/>
      </symbol>
      <symbol id="sm-907">
         <name>xTaskGetTickCount</name>
         <value>0x1310</value>
         <object_component_ref idref="oc-107"/>
      </symbol>
      <symbol id="sm-908">
         <name>vTaskDelete</name>
         <value>0x538</value>
         <object_component_ref idref="oc-107"/>
      </symbol>
      <symbol id="sm-909">
         <name>pxCurrentTCB</name>
         <value>0x80008d0</value>
         <object_component_ref idref="oc-12b"/>
      </symbol>
      <symbol id="sm-90a">
         <name>vTaskNotifyGiveFromISR</name>
         <value>0x2960</value>
         <object_component_ref idref="oc-107"/>
      </symbol>
      <symbol id="sm-90b">
         <name>eTaskGetState</name>
         <value>0x890</value>
         <object_component_ref idref="oc-107"/>
      </symbol>
      <symbol id="sm-90c">
         <name>vTaskSuspend</name>
         <value>0xc18</value>
         <object_component_ref idref="oc-107"/>
      </symbol>
      <symbol id="sm-90d">
         <name>xTaskGetIdleTaskHandle</name>
         <value>0x163c</value>
         <object_component_ref idref="oc-107"/>
      </symbol>
      <symbol id="sm-90e">
         <name>xTaskGetTickCountFromISR</name>
         <value>0x132c</value>
         <object_component_ref idref="oc-107"/>
      </symbol>
      <symbol id="sm-90f">
         <name>vTaskResume</name>
         <value>0xe20</value>
         <object_component_ref idref="oc-107"/>
      </symbol>
      <symbol id="sm-910">
         <name>vTaskSetTimeOutState</name>
         <value>0x1d98</value>
         <object_component_ref idref="oc-107"/>
      </symbol>
      <symbol id="sm-911">
         <name>xTaskIncrementTick</name>
         <value>0x17d0</value>
         <object_component_ref idref="oc-107"/>
      </symbol>
      <symbol id="sm-912">
         <name>vTaskSwitchContext</name>
         <value>0x19f8</value>
         <object_component_ref idref="oc-107"/>
      </symbol>
      <symbol id="sm-913">
         <name>uxTaskResetEventItemValue</name>
         <value>0x2360</value>
         <object_component_ref idref="oc-107"/>
      </symbol>
      <symbol id="sm-914">
         <name>xTaskGetSchedulerState</name>
         <value>0x2310</value>
         <object_component_ref idref="oc-107"/>
      </symbol>
      <symbol id="sm-915">
         <name>xTaskResumeFromISR</name>
         <value>0xf04</value>
         <object_component_ref idref="oc-107"/>
      </symbol>
      <symbol id="sm-916">
         <name>vTaskPlaceOnUnorderedEventList</name>
         <value>0x1b1c</value>
         <object_component_ref idref="oc-107"/>
      </symbol>
      <symbol id="sm-917">
         <name>xTaskRemoveFromEventList</name>
         <value>0x1ba0</value>
         <object_component_ref idref="oc-107"/>
      </symbol>
      <symbol id="sm-918">
         <name>eTaskConfirmSleepModeStatus</name>
         <value>0x1f20</value>
         <object_component_ref idref="oc-107"/>
      </symbol>
      <symbol id="sm-943">
         <name>__TI_auto_init</name>
         <value>0xd39c</value>
         <object_component_ref idref="oc-85"/>
      </symbol>
      <symbol id="sm-961">
         <name>__TI_decompress_lzss</name>
         <value>0xd444</value>
         <object_component_ref idref="oc-e"/>
      </symbol>
      <symbol id="sm-978">
         <name>__TI_decompress_none</name>
         <value>0xd6b4</value>
         <object_component_ref idref="oc-14"/>
      </symbol>
      <symbol id="sm-98f">
         <name>__TI_zero_init</name>
         <value>0xd6c8</value>
         <object_component_ref idref="oc-1a"/>
      </symbol>
      <symbol id="sm-9a9">
         <name>copy_in</name>
         <value>0xd5ec</value>
         <object_component_ref idref="oc-e7"/>
      </symbol>
      <symbol id="sm-9ca">
         <name>C$$EXIT</name>
         <value>0xd4d4</value>
         <object_component_ref idref="oc-91"/>
      </symbol>
      <symbol id="sm-9cb">
         <name>abort</name>
         <value>0xd4dc</value>
         <object_component_ref idref="oc-91"/>
      </symbol>
      <symbol id="sm-9cc">
         <name>exit</name>
         <value>0xd4e8</value>
         <object_component_ref idref="oc-91"/>
      </symbol>
      <symbol id="sm-9cd">
         <name>__TI_dtors_ptr</name>
         <value>0x80030a0</value>
         <object_component_ref idref="oc-11d"/>
      </symbol>
      <symbol id="sm-9ce">
         <name>__TI_cleanup_ptr</name>
         <value>0x800309c</value>
         <object_component_ref idref="oc-11d"/>
      </symbol>
      <symbol id="sm-9cf">
         <name>__TI_enable_exit_profile_output</name>
         <value>0x80030a4</value>
         <object_component_ref idref="oc-11d"/>
      </symbol>
      <symbol id="sm-9e8">
         <name>memcpy</name>
         <value>0xcb6c</value>
         <object_component_ref idref="oc-51"/>
      </symbol>
      <symbol id="sm-9e9">
         <name>__aeabi_memcpy</name>
         <value>0xcb6c</value>
         <object_component_ref idref="oc-51"/>
      </symbol>
      <symbol id="sm-9ea">
         <name>__aeabi_memcpy8</name>
         <value>0xcb6c</value>
         <object_component_ref idref="oc-51"/>
      </symbol>
      <symbol id="sm-9eb">
         <name>__aeabi_memcpy4</name>
         <value>0xcb6c</value>
         <object_component_ref idref="oc-51"/>
      </symbol>
      <symbol id="sm-9fa">
         <name>__aeabi_memset</name>
         <value>0xd2f0</value>
         <object_component_ref idref="oc-5d"/>
      </symbol>
      <symbol id="sm-9fb">
         <name>memset</name>
         <value>0xd2fc</value>
         <object_component_ref idref="oc-5d"/>
      </symbol>
      <symbol id="sm-9fc">
         <name>__aeabi_memset8</name>
         <value>0xd2f0</value>
         <object_component_ref idref="oc-5d"/>
      </symbol>
      <symbol id="sm-9fd">
         <name>__aeabi_memset4</name>
         <value>0xd2f0</value>
         <object_component_ref idref="oc-5d"/>
      </symbol>
      <symbol id="sm-9fe">
         <name>__aeabi_memclr8</name>
         <value>0xd2ec</value>
         <object_component_ref idref="oc-5d"/>
      </symbol>
      <symbol id="sm-9ff">
         <name>__aeabi_memclr4</name>
         <value>0xd2ec</value>
         <object_component_ref idref="oc-5d"/>
      </symbol>
      <symbol id="sm-a00">
         <name>__aeabi_memclr</name>
         <value>0xd2ec</value>
         <object_component_ref idref="oc-5d"/>
      </symbol>
      <symbol id="sm-a1f">
         <name>floorl</name>
         <value>0xd104</value>
         <object_component_ref idref="oc-1bd"/>
      </symbol>
      <symbol id="sm-a20">
         <name>floor</name>
         <value>0xd104</value>
         <object_component_ref idref="oc-1bd"/>
      </symbol>
      <symbol id="sm-a2a">
         <name>_system_post_cinit</name>
         <value>0xd6dc</value>
         <object_component_ref idref="oc-ed"/>
      </symbol>
      <symbol id="sm-a38">
         <name>strlen</name>
         <value>0xd694</value>
         <object_component_ref idref="oc-1dd"/>
      </symbol>
      <symbol id="sm-a52">
         <name>_nop</name>
         <value>0xd688</value>
         <object_component_ref idref="oc-1fc"/>
      </symbol>
      <symbol id="sm-a53">
         <name>_lock</name>
         <value>0x80030a8</value>
         <object_component_ref idref="oc-120"/>
      </symbol>
      <symbol id="sm-a54">
         <name>_unlock</name>
         <value>0x80030ac</value>
         <object_component_ref idref="oc-120"/>
      </symbol>
      <symbol id="sm-a55">
         <name>_register_lock</name>
         <value>0xd67c</value>
         <object_component_ref idref="oc-1fc"/>
      </symbol>
      <symbol id="sm-a56">
         <name>_register_unlock</name>
         <value>0xd670</value>
         <object_component_ref idref="oc-1fc"/>
      </symbol>
      <symbol id="sm-a57">
         <name>__TI_static_base__</name>
         <value>0x0</value>
      </symbol>
      <symbol id="sm-a5b">
         <name>SHT$$INIT_ARRAY$$Base</name>
         <value>0x0</value>
      </symbol>
      <symbol id="sm-a5c">
         <name>SHT$$INIT_ARRAY$$Limit</name>
         <value>0x0</value>
      </symbol>
   </symbol_table>
   <title>Link successful</title>
</link_info>
